test_direct_file_and_patch_edits_refuse (plugin_preservation_0.PluginTests.test_direct_file_and_patch_edits_refuse) ... ok
test_duplicate_name_cannot_check_a_different_member (plugin_preservation_0.PluginTests.test_duplicate_name_cannot_check_a_different_member) ... ok
test_dynamic_and_multiple_hires_refuse (plugin_preservation_0.PluginTests.test_dynamic_and_multiple_hires_refuse) ... ok
test_edit_service_failure_refuses_but_unrelated_edit_passes (plugin_preservation_0.PluginTests.test_edit_service_failure_refuses_but_unrelated_edit_passes) ... ok
test_hire_unavailable_fails_closed (plugin_preservation_0.PluginTests.test_hire_unavailable_fails_closed) ... ok
test_installed_skill_launcher_uses_same_gates (plugin_preservation_0.PluginTests.test_installed_skill_launcher_uses_same_gates) ... ok
test_irrelevant_bash_exits_before_external_process (plugin_preservation_0.PluginTests.test_irrelevant_bash_exits_before_external_process) ... ok
test_live_definition_cli_writes_refuse (plugin_preservation_0.PluginTests.test_live_definition_cli_writes_refuse) ... ok
test_mcp_discovery_without_user_config_or_dashboard (plugin_preservation_0.PluginTests.test_mcp_discovery_without_user_config_or_dashboard) ... ok
test_mcp_errors_do_not_kill_server (plugin_preservation_0.PluginTests.test_mcp_errors_do_not_kill_server) ... ok
test_mcp_roster_reads_correct_endpoints (plugin_preservation_0.PluginTests.test_mcp_roster_reads_correct_endpoints) ... ok
test_no_roster_refuses_hire (plugin_preservation_0.PluginTests.test_no_roster_refuses_hire) ... ok
test_only_matching_approved_member_allows_hire (plugin_preservation_0.PluginTests.test_only_matching_approved_member_allows_hire) ... ok
test_raw_api_mutations_refuse (plugin_preservation_0.PluginTests.test_raw_api_mutations_refuse) ... ok
test_registration_covers_both_harnesses (plugin_preservation_0.PluginTests.test_registration_covers_both_harnesses) ... ok
test_stale_and_unrelated_workers_allow_edit (plugin_preservation_0.PluginTests.test_stale_and_unrelated_workers_allow_edit) ... ok

----------------------------------------------------------------------
Ran 16 tests in 43.867s

OK
test_arbitrary_script_selector_refuses (plugin_preservation_1.InstalledLauncher.test_arbitrary_script_selector_refuses) ... ok
test_incomplete_runtime_refuses (plugin_preservation_1.InstalledLauncher.test_incomplete_runtime_refuses) ... ok
test_missing_and_relative_binding_refuse (plugin_preservation_1.InstalledLauncher.test_missing_and_relative_binding_refuse) ... ok
test_relocated_copy_preserves_arguments_and_refusals (plugin_preservation_1.InstalledLauncher.test_relocated_copy_preserves_arguments_and_refusals) ... ok

----------------------------------------------------------------------
Ran 4 tests in 0.355s

OK
test_ambiguous_mutations_never_execute_command_text (plugin_preservation_2.HookAndMCP.test_ambiguous_mutations_never_execute_command_text) ... ok
test_bad_frames_and_oversized_frame_do_not_end_session (plugin_preservation_2.HookAndMCP.test_bad_frames_and_oversized_frame_do_not_end_session) ... ok
test_bad_worker_or_roster_response_fails_closed (plugin_preservation_2.HookAndMCP.test_bad_worker_or_roster_response_fails_closed) ... ok
test_http_failure_redirect_size_and_json_errors_preserve_service (plugin_preservation_2.HookAndMCP.test_http_failure_redirect_size_and_json_errors_preserve_service) ... ok
test_literal_read_is_allowed_but_redirected_read_is_not (plugin_preservation_2.HookAndMCP.test_literal_read_is_allowed_but_redirected_read_is_not) ... ok
test_lookup_timeout_is_a_service_error (plugin_preservation_2.HookAndMCP.test_lookup_timeout_is_a_service_error) ... ok
test_multi_edit_and_patch_move_protect_all_destinations (plugin_preservation_2.HookAndMCP.test_multi_edit_and_patch_move_protect_all_destinations) ... ok
test_normalized_symlink_parent_and_option_destinations_are_protected (plugin_preservation_2.HookAndMCP.test_normalized_symlink_parent_and_option_destinations_are_protected) ... ok
test_notifications_discovery_and_invalid_arguments (plugin_preservation_2.HookAndMCP.test_notifications_discovery_and_invalid_arguments) ... ok
test_query_encoding_prevents_injected_parameters (plugin_preservation_2.HookAndMCP.test_query_encoding_prevents_injected_parameters) ... ok
test_raw_encoded_http_and_escaped_json_hire_are_checked (plugin_preservation_2.HookAndMCP.test_raw_encoded_http_and_escaped_json_hire_are_checked) ... ok
test_relevant_bad_json_duplicate_keys_newlines_and_large_input_refuse (plugin_preservation_2.HookAndMCP.test_relevant_bad_json_duplicate_keys_newlines_and_large_input_refuse) ... ok
test_supported_json_hire_and_unique_approval (plugin_preservation_2.HookAndMCP.test_supported_json_hire_and_unique_approval) ... ok

----------------------------------------------------------------------
Ran 13 tests in 10.018s

OK
test_metadata_registers_real_entrypoints (plugin_preservation_3.Packaging.test_metadata_registers_real_entrypoints) ... ok
test_nine_discoverable_guides (plugin_preservation_3.Packaging.test_nine_discoverable_guides) ... ok
test_relocated_real_runtime_help_without_provider (plugin_preservation_3.Packaging.test_relocated_real_runtime_help_without_provider) ... ok

----------------------------------------------------------------------
Ran 3 tests in 0.375s

OK
