COMMAND ["/home/ryan/.cache/agentmux-governance/venv/bin/python", "dashboard/test_fed_panel.py"]
.....
----------------------------------------------------------------------
Ran 5 tests in 0.355s

OK
COMMAND ["/home/ryan/.cache/agentmux-governance/venv/bin/python", "dashboard/test_host_guard.py"]
....
----------------------------------------------------------------------
Ran 4 tests in 0.599s

OK
COMMAND ["bash", "dashboard/syntax_check.sh"]
  ok    agentmux.sh
  ok    install.sh
  ok    link-windows-state.sh
  ok    dashboard/check_key_exposure.sh
  ok    dashboard/check_test_failability.sh
  ok    dashboard/check_test_residue.sh
  ok    dashboard/demo_protocol.sh
  ok    dashboard/restart.sh
  ok    dashboard/run_tests.sh
  ok    dashboard/seed_ruler.sh
  ok    dashboard/setgeom.sh
  ok    dashboard/smoke.sh
  ok    dashboard/stream_status.sh
  ok    dashboard/syntax_check.sh
  ok    dashboard/test_argguard.sh
  ok    dashboard/test_coordination.sh
  ok    dashboard/test_e2e.sh
  ok    dashboard/test_evidence_archive.sh
  ok    dashboard/test_frontend.sh
  ok    dashboard/test_frontend_agents.sh
  ok    dashboard/test_frontend_board.sh
  ok    dashboard/test_frontend_collapse.sh
  ok    dashboard/test_frontend_drawer.sh
  ok    dashboard/test_frontend_kanban.sh
  ok    dashboard/test_frontend_post.sh
  ok    dashboard/test_frontend_tabs.sh
  ok    dashboard/test_frontend_teams.sh
  ok    dashboard/test_idle.sh
  ok    dashboard/test_inbox_guard.sh
  ok    dashboard/test_launch.sh
  ok    dashboard/test_lifecycle.sh
  ok    dashboard/test_modal_guard.sh
  ok    dashboard/test_residue.sh
  ok    dashboard/test_run.sh
  ok    dashboard/test_stream_slots.sh
  ok    dashboard/test_testlib.sh
  ok    dashboard/test_theme_import.sh
  ok    dashboard/test_themes.sh
  ok    dashboard/testlib.sh
  ok    dashboard/verify_model_switch.sh
  ok    dashboard/ads.py
  ok    dashboard/boardagents.py
  ok    dashboard/boardteams.py
  ok    dashboard/ccboard.py
  ok    dashboard/ccstore.py
  ok    dashboard/chatter_feed.py
  ok    dashboard/codesys_panel.py
  ok    dashboard/ecat_diag.py
  ok    dashboard/enip.py
  ok    dashboard/fed_panel.py
  ok    dashboard/github_auth.py
  ok    dashboard/github_panel.py
  ok    dashboard/hub_panel.py
  ok    dashboard/logix.py
  ok    dashboard/modbus_poll.py
  ok    dashboard/modbus_rtu.py
  ok    dashboard/mqtt.py
  ok    dashboard/mqtt_monitor.py
  ok    dashboard/netscan.py
  ok    dashboard/probe_slots.py
  ok    dashboard/profinet.py
  ok    dashboard/purge_test_rows.py
  ok    dashboard/residue_state.py
  ok    dashboard/runsview.py
  ok    dashboard/seed_queue.py
  ok    dashboard/server.py
  ok    dashboard/show_auth.py
  ok    dashboard/stub_broker.py
  ok    dashboard/suite_server.py
  ok    dashboard/test_ads.py
  ok    dashboard/test_agentcli.py
  ok    dashboard/test_agentdefs.py
  ok    dashboard/test_auth.py
  ok    dashboard/test_board.py
  ok    dashboard/test_boardagents.py
  ok    dashboard/test_boardteams.py
  ok    dashboard/test_chatter.py
  ok    dashboard/test_codesys_panel.py
  ok    dashboard/test_courier.py
  ok    dashboard/test_dispatch.py
  ok    dashboard/test_ecat_diag.py
  ok    dashboard/test_enip.py
  ok    dashboard/test_fed_panel.py
  ok    dashboard/test_field_panels.py
  ok    dashboard/test_gateway.py
  ok    dashboard/test_github_panel.py
  ok    dashboard/test_host_guard.py
  ok    dashboard/test_hub_panel.py
  ok    dashboard/test_logix.py
  ok    dashboard/test_modbus_poll.py
  ok    dashboard/test_modbus_rtu.py
  ok    dashboard/test_mqtt.py
  ok    dashboard/test_no_inherited_stdin.py
  ok    dashboard/test_notify.py
  ok    dashboard/test_orchestration_plugin.py
  ok    dashboard/test_plugin_skills.py
  ok    dashboard/test_pn_dcp.py
  ok    dashboard/test_runcards.py
  ok    dashboard/test_runlock.py
  ok    dashboard/test_runsview.py
  ok    dashboard/test_sandbox_coordination.py
  ok    dashboard/test_snapshot.py
  ok    dashboard/test_teamcli.py
  ok    dashboard/test_tickets.py
  ok    dashboard/test_warrant.py
  ok    dashboard/verify_gateway_e2e.py
  ok    taskmgmt/agentdefs.py
  ok    taskmgmt/atlassian.py
  ok    taskmgmt/bedrock_gateway.py
  ok    taskmgmt/bootp_probe.py
  ok    taskmgmt/coordination.py
  ok    taskmgmt/courier.py
  ok    taskmgmt/dispatch.py
  ok    taskmgmt/notify.py
  ok    taskmgmt/pn_dcp.py
  ok    taskmgmt/run.py
  ok    taskmgmt/setup_atlassian.py
  ok    taskmgmt/setup_auth.py
  ok    taskmgmt/task.py

every script parses
