test_addresses_and_subjects (names_preservation_review.Names.test_addresses_and_subjects) ... ok
test_all_address_forms_roundtrip (names_preservation_review.Names.test_all_address_forms_roundtrip) ... ok
test_malformed_addresses_rejected (names_preservation_review.Names.test_malformed_addresses_rejected) ... 
  test_malformed_addresses_rejected (names_preservation_review.Names.test_malformed_addresses_rejected) (address='agent:alpha/worker/a\n') ... FAIL
  test_malformed_addresses_rejected (names_preservation_review.Names.test_malformed_addresses_rejected) (address='agent:alpha-worker-a\n') ... FAIL
  test_malformed_addresses_rejected (names_preservation_review.Names.test_malformed_addresses_rejected) (address='virtual:a\n') ... FAIL
  test_malformed_addresses_rejected (names_preservation_review.Names.test_malformed_addresses_rejected) (address='team:alpha/a\n') ... FAIL
  test_malformed_addresses_rejected (names_preservation_review.Names.test_malformed_addresses_rejected) (address='role:alpha/a\n') ... FAIL
  test_malformed_addresses_rejected (names_preservation_review.Names.test_malformed_addresses_rejected) (address='role:group:a\n/worker') ... FAIL
  test_malformed_addresses_rejected (names_preservation_review.Names.test_malformed_addresses_rejected) (address='role:team:alpha/a\n/worker') ... FAIL
test_normalize_and_refuse (names_preservation_review.Names.test_normalize_and_refuse) ... ok
test_session_roundtrip (names_preservation_review.Names.test_session_roundtrip) ... ok
test_session_spellings_enforce_same_length_limits (names_preservation_review.Names.test_session_spellings_enforce_same_length_limits) ... 
  test_session_spellings_enforce_same_length_limits (names_preservation_review.Names.test_session_spellings_enforce_same_length_limits) (part=0, separator='-') ... FAIL
  test_session_spellings_enforce_same_length_limits (names_preservation_review.Names.test_session_spellings_enforce_same_length_limits) (part=1, separator='-') ... FAIL
  test_session_spellings_enforce_same_length_limits (names_preservation_review.Names.test_session_spellings_enforce_same_length_limits) (part=2, separator='-') ... FAIL

======================================================================
FAIL: test_malformed_addresses_rejected (names_preservation_review.Names.test_malformed_addresses_rejected) (address='agent:alpha/worker/a\n')
----------------------------------------------------------------------
Traceback (most recent call last):
  File "hub/tests/test_hub_offline.py", line 89, in test_malformed_addresses_rejected
    with self.subTest(address=raw), self.assertRaises(ValueError):
                                    ~~~~~~~~~~~~~~~~~^^^^^^^^^^^^
AssertionError: ValueError not raised

======================================================================
FAIL: test_malformed_addresses_rejected (names_preservation_review.Names.test_malformed_addresses_rejected) (address='agent:alpha-worker-a\n')
----------------------------------------------------------------------
Traceback (most recent call last):
  File "hub/tests/test_hub_offline.py", line 89, in test_malformed_addresses_rejected
    with self.subTest(address=raw), self.assertRaises(ValueError):
                                    ~~~~~~~~~~~~~~~~~^^^^^^^^^^^^
AssertionError: ValueError not raised

======================================================================
FAIL: test_malformed_addresses_rejected (names_preservation_review.Names.test_malformed_addresses_rejected) (address='virtual:a\n')
----------------------------------------------------------------------
Traceback (most recent call last):
  File "hub/tests/test_hub_offline.py", line 89, in test_malformed_addresses_rejected
    with self.subTest(address=raw), self.assertRaises(ValueError):
                                    ~~~~~~~~~~~~~~~~~^^^^^^^^^^^^
AssertionError: ValueError not raised

======================================================================
FAIL: test_malformed_addresses_rejected (names_preservation_review.Names.test_malformed_addresses_rejected) (address='team:alpha/a\n')
----------------------------------------------------------------------
Traceback (most recent call last):
  File "hub/tests/test_hub_offline.py", line 89, in test_malformed_addresses_rejected
    with self.subTest(address=raw), self.assertRaises(ValueError):
                                    ~~~~~~~~~~~~~~~~~^^^^^^^^^^^^
AssertionError: ValueError not raised

======================================================================
FAIL: test_malformed_addresses_rejected (names_preservation_review.Names.test_malformed_addresses_rejected) (address='role:alpha/a\n')
----------------------------------------------------------------------
Traceback (most recent call last):
  File "hub/tests/test_hub_offline.py", line 89, in test_malformed_addresses_rejected
    with self.subTest(address=raw), self.assertRaises(ValueError):
                                    ~~~~~~~~~~~~~~~~~^^^^^^^^^^^^
AssertionError: ValueError not raised

======================================================================
FAIL: test_malformed_addresses_rejected (names_preservation_review.Names.test_malformed_addresses_rejected) (address='role:group:a\n/worker')
----------------------------------------------------------------------
Traceback (most recent call last):
  File "hub/tests/test_hub_offline.py", line 89, in test_malformed_addresses_rejected
    with self.subTest(address=raw), self.assertRaises(ValueError):
                                    ~~~~~~~~~~~~~~~~~^^^^^^^^^^^^
AssertionError: ValueError not raised

======================================================================
FAIL: test_malformed_addresses_rejected (names_preservation_review.Names.test_malformed_addresses_rejected) (address='role:team:alpha/a\n/worker')
----------------------------------------------------------------------
Traceback (most recent call last):
  File "hub/tests/test_hub_offline.py", line 89, in test_malformed_addresses_rejected
    with self.subTest(address=raw), self.assertRaises(ValueError):
                                    ~~~~~~~~~~~~~~~~~^^^^^^^^^^^^
AssertionError: ValueError not raised

======================================================================
FAIL: test_session_spellings_enforce_same_length_limits (names_preservation_review.Names.test_session_spellings_enforce_same_length_limits) (part=0, separator='-')
----------------------------------------------------------------------
Traceback (most recent call last):
  File "hub/tests/test_hub_offline.py", line 99, in test_session_spellings_enforce_same_length_limits
    with self.subTest(part=index, separator=separator), self.assertRaises(ValueError):
                                                        ~~~~~~~~~~~~~~~~~^^^^^^^^^^^^
AssertionError: ValueError not raised

======================================================================
FAIL: test_session_spellings_enforce_same_length_limits (names_preservation_review.Names.test_session_spellings_enforce_same_length_limits) (part=1, separator='-')
----------------------------------------------------------------------
Traceback (most recent call last):
  File "hub/tests/test_hub_offline.py", line 99, in test_session_spellings_enforce_same_length_limits
    with self.subTest(part=index, separator=separator), self.assertRaises(ValueError):
                                                        ~~~~~~~~~~~~~~~~~^^^^^^^^^^^^
AssertionError: ValueError not raised

======================================================================
FAIL: test_session_spellings_enforce_same_length_limits (names_preservation_review.Names.test_session_spellings_enforce_same_length_limits) (part=2, separator='-')
----------------------------------------------------------------------
Traceback (most recent call last):
  File "hub/tests/test_hub_offline.py", line 99, in test_session_spellings_enforce_same_length_limits
    with self.subTest(part=index, separator=separator), self.assertRaises(ValueError):
                                                        ~~~~~~~~~~~~~~~~~^^^^^^^^^^^^
AssertionError: ValueError not raised

----------------------------------------------------------------------
Ran 6 tests in 0.128s

FAILED (failures=10)
