Downloading Firefox 157.0 (playwright firefox v1555) from https://cdn.playwright.dev/dbazure/download/playwright/builds/firefox/1555/firefox-ubuntu-24.04.zip
|                                                                                |   0% of 111 MiB
|■■■■■■■■                                                                        |  10% of 111 MiB
|■■■■■■■■■■■■■■■■                                                                |  20% of 111 MiB
|■■■■■■■■■■■■■■■■■■■■■■■■                                                        |  30% of 111 MiB
|■■■■■■■■■■■■■■■■■■■■■■■■■■■■■■■■                                                |  40% of 111 MiB
|■■■■■■■■■■■■■■■■■■■■■■■■■■■■■■■■■■■■■■■■                                        |  50% of 111 MiB
|■■■■■■■■■■■■■■■■■■■■■■■■■■■■■■■■■■■■■■■■■■■■■■■■                                |  60% of 111 MiB
|■■■■■■■■■■■■■■■■■■■■■■■■■■■■■■■■■■■■■■■■■■■■■■■■■■■■■■■■                        |  70% of 111 MiB
|■■■■■■■■■■■■■■■■■■■■■■■■■■■■■■■■■■■■■■■■■■■■■■■■■■■■■■■■■■■■■■■■                |  80% of 111 MiB
|■■■■■■■■■■■■■■■■■■■■■■■■■■■■■■■■■■■■■■■■■■■■■■■■■■■■■■■■■■■■■■■■■■■■■■■■        |  90% of 111 MiB
|■■■■■■■■■■■■■■■■■■■■■■■■■■■■■■■■■■■■■■■■■■■■■■■■■■■■■■■■■■■■■■■■■■■■■■■■■■■■■■■■| 100% of 111 MiB
Firefox 157.0 (playwright firefox v1555) downloaded to /home/ryan/.cache/agentmux-governance/p01-dashboard-full-vkqiqkjv/browsers/firefox-1555
Downloading FFmpeg (playwright ffmpeg v1013) from https://cdn.playwright.dev/dbazure/download/playwright/builds/ffmpeg/1013/ffmpeg-linux.zip
|                                                                                |   0% of 2.2 MiB
|■■■■■■■■                                                                        |  10% of 2.2 MiB
|■■■■■■■■■■■■■■■■                                                                |  20% of 2.2 MiB
|■■■■■■■■■■■■■■■■■■■■■■■■                                                        |  30% of 2.2 MiB
|■■■■■■■■■■■■■■■■■■■■■■■■■■■■■■■■                                                |  40% of 2.2 MiB
|■■■■■■■■■■■■■■■■■■■■■■■■■■■■■■■■■■■■■■■■                                        |  50% of 2.2 MiB
|■■■■■■■■■■■■■■■■■■■■■■■■■■■■■■■■■■■■■■■■■■■■■■■■                                |  60% of 2.2 MiB
|■■■■■■■■■■■■■■■■■■■■■■■■■■■■■■■■■■■■■■■■■■■■■■■■■■■■■■■■                        |  70% of 2.2 MiB
|■■■■■■■■■■■■■■■■■■■■■■■■■■■■■■■■■■■■■■■■■■■■■■■■■■■■■■■■■■■■■■■■                |  80% of 2.2 MiB
|■■■■■■■■■■■■■■■■■■■■■■■■■■■■■■■■■■■■■■■■■■■■■■■■■■■■■■■■■■■■■■■■■■■■■■■■        |  90% of 2.2 MiB
|■■■■■■■■■■■■■■■■■■■■■■■■■■■■■■■■■■■■■■■■■■■■■■■■■■■■■■■■■■■■■■■■■■■■■■■■■■■■■■■■| 100% of 2.2 MiB
FFmpeg (playwright ffmpeg v1013) downloaded to /home/ryan/.cache/agentmux-governance/p01-dashboard-full-vkqiqkjv/browsers/ffmpeg-1013
